BDOS                            = $0005 ; const, local, , zloader, , zloader.asm:8
MPCL_RAM                        = $0078 ; const, local, , zloader, , zloader.asm:10
LoaderCodeEnd                   = $81F7 ; addr, local, , zloader, addr8000, zloader.asm:142
LoaderCode1                     = $8100 ; addr, local, , zloader, addr8000, zloader.asm:59
LoaderCode                      = $0137 ; addr, local, , zloader, addr0100, zloader.asm:56
BootDOS65                       = $010F ; addr, local, , zloader, addr0100, zloader.asm:31
SMSGFIL                         = $818C ; addr, local, , zloader, addr8000, zloader.asm:123
loaderEnd                       = $0137 ; addr, local, , zloader, addr0100, zloader.asm:55
_LD0                            = $8100 ; addr, local, , zloader, addr8000, zloader.asm:61
FCB                             = $81B7 ; addr, local, , zloader, addr8000, zloader.asm:130
ERRFIL                          = $8156 ; addr, local, , zloader, addr8000, zloader.asm:109
DMA                             = $81B5 ; addr, local, , zloader, addr8000, zloader.asm:129
BUFFER                          = $81F7 ; addr, local, , zloader, addr8000, zloader.asm:141
_LD                             = $8112 ; addr, local, , zloader, addr8000, zloader.asm:70
_LDX                            = $814B ; addr, local, , zloader, addr8000, zloader.asm:104
MSGFIL                          = $8167 ; addr, local, , zloader, addr8000, zloader.asm:118
DRIVE                           = $81B7 ; addr, local, , zloader, addr8000, zloader.asm:131
end                             = $81F7 ; addr, local, , zloader, addr8000, zloader.asm:144
__head                          = $0000 ; const, public, def, , ,
__tail                          = $81F7 ; const, public, def, , ,
__size                          = $81F7 ; const, public, def, , ,
__addr0100_head                 = $0100 ; const, public, def, , ,
__addr0100_tail                 = $0137 ; const, public, def, , ,
__addr0100_size                 = $0037 ; const, public, def, , ,
__addr8000_head                 = $8100 ; const, public, def, , ,
__addr8000_tail                 = $81F7 ; const, public, def, , ,
__addr8000_size                 = $00F7 ; const, public, def, , ,
