Symbol: BADDR (monitor.s) = FD1E
Symbol: BYTE (monitor.s) = FD2C
Symbol: BYTECT (monitor.s) = FDAF
Symbol: C1 (monitor.s) = FCC4
Symbol: CHANGE (monitor.s) = FC64
Symbol: CKSM (monitor.s) = FDAE
Symbol: CONTRL (monitor.s) = FC0B
Symbol: DISPLAY_CRLF (monitor.s) = FD81
Symbol: DUMP (monitor.s) = FC3B
Symbol: DUMP_LINE (monitor.s) = FCC7
Symbol: DUMP_LINE_INVALID (monitor.s) = FCF3
Symbol: DUMP_LINE_LOOP (monitor.s) = FCD1
Symbol: DUMP_LINE_LOOPA (monitor.s) = FCE3
Symbol: DUMP_LINE_VALID (monitor.s) = FCF8
Symbol: DUMP_LOOP (monitor.s) = FC4E
Symbol: GO (monitor.s) = FC59
Symbol: IN1HG (monitor.s) = FD1D
Symbol: INHEX (monitor.s) = FD01
Symbol: IOF_CONINW (monitor.s) = FD9E
Symbol: IRQVEC (monitor.s) = FDAB
Symbol: LOAD11 (monitor.s) = FCAC
Symbol: LOAD15 (monitor.s) = FCBA
Symbol: LOAD19 (monitor.s) = FCBF
Symbol: LOAD21 (monitor.s) = FCC4
Symbol: LOAD3 (monitor.s) = FC8D
Symbol: MAIN (monitor.s) = FC00
Symbol: MLOAD (monitor.s) = FC38
Symbol: MONLOAD (monitor.s) = FC8D
Symbol: MONOUTHL (monitor.s) = FD47
Symbol: MONOUTHR (monitor.s) = FD4B
Symbol: MONSTACK (monitor.s) = C000
Symbol: MONUART0 (monitor.s) = FE68
Symbol: MONUART1 (monitor.s) = FE69
Symbol: MONUART2 (monitor.s) = FE6A
Symbol: MONUART3 (monitor.s) = FE6B
Symbol: MONUART4 (monitor.s) = FE6C
Symbol: MONUART5 (monitor.s) = FE6D
Symbol: MONUART6 (monitor.s) = FE6E
Symbol: MONUART7 (monitor.s) = FE6F
Symbol: OUT2H (monitor.s) = FD58
Symbol: OUT2HS (monitor.s) = FD7A
Symbol: OUTADDR (monitor.s) = FD63
Symbol: OUTHR1 (monitor.s) = FD55
Symbol: OUTS (monitor.s) = FD7C
Symbol: PRINT (monitor.s) = FC7B
Symbol: PRINT2 (monitor.s) = FC84
Symbol: SERIAL_INCHW1 (monitor.s) = FD9E
Symbol: SERIALINIT (monitor.s) = FD8C
Symbol: SP (monitor.s) = FDAC
Symbol: SWIVEC (monitor.s) = FDAB
Symbol: TX_BUSYLP (monitor.s) = FD8F
Symbol: WRSER1 (monitor.s) = FD8D
Symbol: XHI (monitor.s) = FDB0
Symbol: XLOW (monitor.s) = FDB1
