BDOS                            = $0005 ; const, local, , esptest, , esptest.asm:8
ESP0                            = $009C ; const, local, , esptest, , esptest.asm:10
ESP1                            = $009D ; const, local, , esptest, , esptest.asm:12
ESP_STATUS                      = $009E ; const, local, , esptest, , esptest.asm:14
MENU_PAGE_1                     = $0103 ; addr, local, , esptest, , esptest.asm:28
MENU                            = $0D49 ; addr, local, , esptest, , esptest.asm:1613
MNULOOP                         = $010B ; addr, local, , esptest, , esptest.asm:34
VGA_SINGLE_CHAR                 = $02A0 ; addr, local, , esptest, , esptest.asm:232
VGA_100SINGLE_CHAR              = $02AD ; addr, local, , esptest, , esptest.asm:239
VGA_OUT_STRING                  = $02C0 ; addr, local, , esptest, , esptest.asm:250
GET_KEY_IN                      = $02D6 ; addr, local, , esptest, , esptest.asm:264
GET_KEY_CHARS_IN_BUFFER         = $02E7 ; addr, local, , esptest, , esptest.asm:273
SET_CURSOR                      = $02F8 ; addr, local, , esptest, , esptest.asm:282
SET_BAUD                        = $0314 ; addr, local, , esptest, , esptest.asm:297
SET_MODE                        = $0358 ; addr, local, , esptest, , esptest.asm:324
SERIAL_TX_CHAR                  = $0374 ; addr, local, , esptest, , esptest.asm:339
SERIAL_TX_STRING                = $0381 ; addr, local, , esptest, , esptest.asm:347
GET_SERIAL_IN                   = $0397 ; addr, local, , esptest, , esptest.asm:361
GET_SERIAL_CHARS_IN_BUFFER      = $03A8 ; addr, local, , esptest, , esptest.asm:370
PLAY_STRING                     = $03B9 ; addr, local, , esptest, , esptest.asm:379
PLAY_SOUND                      = $03CF ; addr, local, , esptest, , esptest.asm:392
SET_VOLUME                      = $03E6 ; addr, local, , esptest, , esptest.asm:406
SET_RESOLUTION                  = $03F3 ; addr, local, , esptest, , esptest.asm:414
LOAD_FONT                       = $041D ; addr, local, , esptest, , esptest.asm:430
CLEAR_SCREEN                    = $0444 ; addr, local, , esptest, , esptest.asm:447
COPY_RECT                       = $044C ; addr, local, , esptest, , esptest.asm:452
DRAW_BITMAP                     = $0490 ; addr, local, , esptest, , esptest.asm:482
DRAW_CHAR                       = $04E9 ; addr, local, , esptest, , esptest.asm:527
DRAW_ELLIPSE                    = $050F ; addr, local, , esptest, , esptest.asm:545
DRAW_GLYPH                      = $053F ; addr, local, , esptest, , esptest.asm:569
DRAW_LINE                       = $0591 ; addr, local, , esptest, , esptest.asm:609
DRAW_RECTANGLE                  = $05C1 ; addr, local, , esptest, , esptest.asm:630
DRAW_FILLED_ELLIPSE             = $05F1 ; addr, local, , esptest, , esptest.asm:651
DRAW_FILLED_RECTANGLE           = $0621 ; addr, local, , esptest, , esptest.asm:672
GET_PIXEL                       = $0651 ; addr, local, , esptest, , esptest.asm:695
INVERT_RECTANGLE                = $0682 ; addr, local, , esptest, , esptest.asm:716
LINETO                          = $06B2 ; addr, local, , esptest, , esptest.asm:738
MOVETO                          = $06CE ; addr, local, , esptest, , esptest.asm:751
SCROLL                          = $06EA ; addr, local, , esptest, , esptest.asm:764
BRUSH_COLOR                     = $0706 ; addr, local, , esptest, , esptest.asm:779
MENU_PAGE_2                     = $01C7 ; addr, local, , esptest, , esptest.asm:126
EXIT                            = $01C2 ; addr, local, , esptest, , esptest.asm:120
MENU2                           = $12ED ; addr, local, , esptest, , esptest.asm:1666
MNULOOP2                        = $01CF ; addr, local, , esptest, , esptest.asm:132
LINE_ENDS                       = $072D ; addr, local, , esptest, , esptest.asm:796
PEN_COLOR                       = $0754 ; addr, local, , esptest, , esptest.asm:813
PEN_WIDTH                       = $077B ; addr, local, , esptest, , esptest.asm:830
SET_PIXEL                       = $07A2 ; addr, local, , esptest, , esptest.asm:848
SET_GLYPH_OPTIONS               = $07BE ; addr, local, , esptest, , esptest.asm:862
SET_PALETTE_ITEM                = $089F ; addr, local, , esptest, , esptest.asm:945
SET_MOUSE_CURSOR                = $0923 ; addr, local, , esptest, , esptest.asm:994
SET_MOUSE_POSITION              = $0930 ; addr, local, , esptest, , esptest.asm:1001
REMOVE_SPRITES                  = $094C ; addr, local, , esptest, , esptest.asm:1016
SET_SPRITE_MAP                  = $0954 ; addr, local, , esptest, , esptest.asm:1022
SET_SPRITE_LOCATION             = $099E ; addr, local, , esptest, , esptest.asm:1060
SET_SPRITE_VISIBILITY           = $09BF ; addr, local, , esptest, , esptest.asm:1075
SET_BAUD2                       = $09D1 ; addr, local, , esptest, , esptest.asm:1089
SET_MODE2                       = $0A15 ; addr, local, , esptest, , esptest.asm:1116
SERIAL_TX_CHAR2                 = $0A31 ; addr, local, , esptest, , esptest.asm:1131
SERIAL_TX_STRING2               = $0A3E ; addr, local, , esptest, , esptest.asm:1139
GET_SERIAL_IN2                  = $0A54 ; addr, local, , esptest, , esptest.asm:1153
GET_SERIAL_CHARS_IN_BUFFER2     = $0A65 ; addr, local, , esptest, , esptest.asm:1162
Set_Wifi_SSID                   = $0A76 ; addr, local, , esptest, , esptest.asm:1171
Set_WiFi_Password               = $0A8C ; addr, local, , esptest, , esptest.asm:1184
Connect_To_WiFi                 = $0AA2 ; addr, local, , esptest, , esptest.asm:1197
Get_WiFi_Status                 = $0AAD ; addr, local, , esptest, , esptest.asm:1203
Get_WiFi_Signal_Strength        = $0ABE ; addr, local, , esptest, , esptest.asm:1211
Get_WiFi_IP_Address             = $0ACF ; addr, local, , esptest, , esptest.asm:1220
Get_WiFi_IP_Subnet_Mask         = $0AFB ; addr, local, , esptest, , esptest.asm:1237
Get_WiFi_IP_Gateway             = $0B27 ; addr, local, , esptest, , esptest.asm:1254
Get_WiFi_IP_Primary_DNS         = $0B53 ; addr, local, , esptest, , esptest.asm:1271
Get_WiFi_IP_Secondary_DNS       = $0B7F ; addr, local, , esptest, , esptest.asm:1288
Set_WiFi_IP_Address             = $0BAB ; addr, local, , esptest, , esptest.asm:1306
Set_WiFi_IP_Subnet_Mask         = $0BC7 ; addr, local, , esptest, , esptest.asm:1319
Set_WiFi_IP_Gateway             = $0BE3 ; addr, local, , esptest, , esptest.asm:1332
Set_WiFi_IP_Primary_DNS         = $0BFF ; addr, local, , esptest, , esptest.asm:1345
Set_WiFi_IP_Secondary_DNS       = $0C1B ; addr, local, , esptest, , esptest.asm:1358
MENU_PAGE_3                     = $0286 ; addr, local, , esptest, , esptest.asm:214
MENU3                           = $1997 ; addr, local, , esptest, , esptest.asm:1717
MNULOOP3                        = $028E ; addr, local, , esptest, , esptest.asm:220
SET_HOSTNAME                    = $0C37 ; addr, local, , esptest, , esptest.asm:1372
OUTESP0                         = $0C4D ; addr, local, , esptest, , esptest.asm:1389
VGA_100SINGLE_CHAR_1            = $02AF ; addr, local, , esptest, , esptest.asm:241
VGA_TEST                        = $2042 ; addr, local, , esptest, , esptest.asm:1770
VGA_OUT_STRING_1                = $02C8 ; addr, local, , esptest, , esptest.asm:254
CLEARESP0                       = $0C7A ; addr, local, , esptest, , esptest.asm:1423
INESP0_WAIT                     = $0C60 ; addr, local, , esptest, , esptest.asm:1405
prtchr                          = $0CF3 ; addr, local, , esptest, , esptest.asm:1521
prthex                          = $0CE3 ; addr, local, , esptest, , esptest.asm:1510
CURSOR_PROMPT                   = $20C9 ; addr, local, , esptest, , esptest.asm:1779
BAUD_PROMPT                     = $20EF ; addr, local, , esptest, , esptest.asm:1787
BUFFER                          = $2836 ; addr, local, , esptest, , esptest.asm:1962
HEXBYTE                         = $0D2A ; addr, local, , esptest, , esptest.asm:1582
PARMS                           = $2822 ; addr, local, , esptest, , esptest.asm:1960
MODE_PROMPT                     = $2135 ; addr, local, , esptest, , esptest.asm:1797
SERIAL_TEST                     = $2111 ; addr, local, , esptest, , esptest.asm:1792
SERIAL_TX_STRING_1              = $0389 ; addr, local, , esptest, , esptest.asm:351
PLAY_TEST                       = $23C9 ; addr, local, , esptest, , esptest.asm:1884
PLAY_STRING_1                   = $03C1 ; addr, local, , esptest, , esptest.asm:383
SOUND_TEST                      = $243C ; addr, local, , esptest, , esptest.asm:1887
PLAY_SOUND_1                    = $03D9 ; addr, local, , esptest, , esptest.asm:397
RESOLUTION_PROMPT               = $2171 ; addr, local, , esptest, , esptest.asm:1802
FONT_PROMPT                     = $219B ; addr, local, , esptest, , esptest.asm:1806
BITMAP_TEST                     = $2454 ; addr, local, , esptest, , esptest.asm:1891
BITMAP_TEST_END                 = $2814 ; addr, local, , esptest, , esptest.asm:1952
DRAW_BITMAP_1                   = $04D6 ; addr, local, , esptest, , esptest.asm:512
GLYPH_TEST                      = $2814 ; addr, local, , esptest, , esptest.asm:1954
DRAW_GLYPH_1                    = $0585 ; addr, local, , esptest, , esptest.asm:599
BRUSH_PROMPT                    = $21B8 ; addr, local, , esptest, , esptest.asm:1811
LINE_ENDS_PROMPT                = $21DC ; addr, local, , esptest, , esptest.asm:1816
PEN_PROMPT                      = $2202 ; addr, local, , esptest, , esptest.asm:1821
PEN_WIDTH_PROMPT                = $2224 ; addr, local, , esptest, , esptest.asm:1826
GLYPH_PROMPT_1                  = $2246 ; addr, local, , esptest, , esptest.asm:1831
GLYPH_PROMPT_2                  = $2265 ; addr, local, , esptest, , esptest.asm:1836
GLYPH_PROMPT_3                  = $2283 ; addr, local, , esptest, , esptest.asm:1840
GLYPH_PROMPT_4                  = $22A8 ; addr, local, , esptest, , esptest.asm:1844
GLYPH_PROMPT_5                  = $22D0 ; addr, local, , esptest, , esptest.asm:1848
GLYPH_PROMPT_6                  = $22EF ; addr, local, , esptest, , esptest.asm:1852
GLYPH_PROMPT_7                  = $230E ; addr, local, , esptest, , esptest.asm:1856
PALETTE_PROMPT_1                = $2330 ; addr, local, , esptest, , esptest.asm:1861
PALETTE_PROMPT_2                = $2350 ; addr, local, , esptest, , esptest.asm:1865
PALETTE_PROMPT_3                = $236D ; addr, local, , esptest, , esptest.asm:1869
PALETTE_PROMPT_4                = $2389 ; addr, local, , esptest, , esptest.asm:1873
SET_SPRITE_MAP_1                = $098B ; addr, local, , esptest, , esptest.asm:1045
OUTESP1                         = $0C98 ; addr, local, , esptest, , esptest.asm:1447
SERIAL_TX_STRING2_1             = $0A46 ; addr, local, , esptest, , esptest.asm:1143
INESP1_WAIT                     = $0CAB ; addr, local, , esptest, , esptest.asm:1463
CLEARESP1                       = $0CC5 ; addr, local, , esptest, , esptest.asm:1481
SSID_STRING                     = $23A5 ; addr, local, , esptest, , secrets.asm:1
Set_Wifi_SSID_1                 = $0A7E ; addr, local, , esptest, , esptest.asm:1175
PASSWORD_STRING                 = $23B1 ; addr, local, , esptest, , secrets.asm:4
Set_WiFi_Password_1             = $0A94 ; addr, local, , esptest, , esptest.asm:1188
prtdot                          = $0D1A ; addr, local, , esptest, , esptest.asm:1560
HOSTNAME_TEST                   = $23C0 ; addr, local, , esptest, , esptest.asm:1880
SET_HOSTNAME_1                  = $0C3F ; addr, local, , esptest, , esptest.asm:1376
OUTESP0_1                       = $0C4E ; addr, local, , esptest, , esptest.asm:1391
OUTESP0_2                       = $0C58 ; addr, local, , esptest, , esptest.asm:1397
INESP0_WAIT_1                   = $0C60 ; addr, local, , esptest, , esptest.asm:1406
INESP0_WAIT_2                   = $0C71 ; addr, local, , esptest, , esptest.asm:1415
INESP0                          = $0C85 ; addr, local, , esptest, , esptest.asm:1431
INESP0_1                        = $0C8F ; addr, local, , esptest, , esptest.asm:1437
OUTESP1_1                       = $0C99 ; addr, local, , esptest, , esptest.asm:1449
OUTESP1_2                       = $0CA3 ; addr, local, , esptest, , esptest.asm:1455
INESP1_WAIT_1                   = $0CAB ; addr, local, , esptest, , esptest.asm:1464
INESP1_WAIT_2                   = $0CBC ; addr, local, , esptest, , esptest.asm:1473
INESP1                          = $0CD0 ; addr, local, , esptest, , esptest.asm:1489
INESP1_1                        = $0CDA ; addr, local, , esptest, , esptest.asm:1495
hexascii                        = $0D02 ; addr, local, , esptest, , esptest.asm:1537
hexconv                         = $0D11 ; addr, local, , esptest, , esptest.asm:1552
NIBL                            = $0D3B ; addr, local, , esptest, , esptest.asm:1599
ALPH                            = $0D44 ; addr, local, , esptest, , esptest.asm:1606
END                             = $284A ; addr, local, , esptest, , esptest.asm:1965
__head                          = $0100 ; const, public, def, , ,
__tail                          = $284A ; const, public, def, , ,
__size                          = $274A ; const, public, def, , ,
