BDOS                            = $0005 ; const, local, , esptest, , esptest.asm:8
ESP0                            = $009C ; const, local, , esptest, , esptest.asm:10
ESP_STATUS                      = $009E ; const, local, , esptest, , esptest.asm:12
MENU                            = $018F ; addr, local, , esptest, , esptest.asm:150
MNULOOP                         = $010B ; addr, local, , esptest, , esptest.asm:32
VGA_SINGLE_CHAR                 = $0127 ; addr, local, , esptest, , esptest.asm:55
VGA_100SINGLE_CHAR              = $0134 ; addr, local, , esptest, , esptest.asm:62
EXIT                            = $0122 ; addr, local, , esptest, , esptest.asm:48
OUTESP0                         = $0147 ; addr, local, , esptest, , esptest.asm:80
VGA_100SINGLE_CHAR_1            = $0136 ; addr, local, , esptest, , esptest.asm:64
OUTESP0_1                       = $0148 ; addr, local, , esptest, , esptest.asm:82
OUTESP0_2                       = $0152 ; addr, local, , esptest, , esptest.asm:88
prthex                          = $015A ; addr, local, , esptest, , esptest.asm:99
hexascii                        = $0177 ; addr, local, , esptest, , esptest.asm:124
prtchr                          = $016A ; addr, local, , esptest, , esptest.asm:110
hexconv                         = $0186 ; addr, local, , esptest, , esptest.asm:139
SMSGFIL                         = $024C ; addr, local, , esptest, , esptest.asm:170
END                             = $0275 ; addr, local, , esptest, , esptest.asm:177
__head                          = $0100 ; const, public, def, , ,
__tail                          = $0275 ; const, public, def, , ,
__size                          = $0175 ; const, public, def, , ,
