BDOS                            = $0005 ; const, local, , esptest, , esptest.asm:8
ESP0                            = $009C ; const, local, , esptest, , esptest.asm:10
ESP_STATUS                      = $009E ; const, local, , esptest, , esptest.asm:12
MENU                            = $01EC ; addr, local, , esptest, , esptest.asm:208
MNULOOP                         = $010B ; addr, local, , esptest, , esptest.asm:32
VGA_SINGLE_CHAR                 = $0136 ; addr, local, , esptest, , esptest.asm:63
VGA_100SINGLE_CHAR              = $0143 ; addr, local, , esptest, , esptest.asm:70
VGA_OUT_STRING                  = $0156 ; addr, local, , esptest, , esptest.asm:81
GET_KEY_IN                      = $016C ; addr, local, , esptest, , esptest.asm:95
GET_KEY_CHARS_IN_BUFFER         = $017A ; addr, local, , esptest, , esptest.asm:103
EXIT                            = $0131 ; addr, local, , esptest, , esptest.asm:56
OUTESP0                         = $0188 ; addr, local, , esptest, , esptest.asm:116
VGA_100SINGLE_CHAR_1            = $0145 ; addr, local, , esptest, , esptest.asm:72
VGA_TEST                        = $02C3 ; addr, local, , esptest, , esptest.asm:230
VGA_OUT_STRING_1                = $015E ; addr, local, , esptest, , esptest.asm:85
INESP0_WAIT                     = $019B ; addr, local, , esptest, , esptest.asm:132
prtchr                          = $01C5 ; addr, local, , esptest, , esptest.asm:166
prthex                          = $01B5 ; addr, local, , esptest, , esptest.asm:155
OUTESP0_1                       = $0189 ; addr, local, , esptest, , esptest.asm:118
OUTESP0_2                       = $0193 ; addr, local, , esptest, , esptest.asm:124
INESP0_WAIT_1                   = $019B ; addr, local, , esptest, , esptest.asm:133
INESP0_WAIT_2                   = $01AC ; addr, local, , esptest, , esptest.asm:142
hexascii                        = $01D4 ; addr, local, , esptest, , esptest.asm:182
hexconv                         = $01E3 ; addr, local, , esptest, , esptest.asm:197
END                             = $034A ; addr, local, , esptest, , esptest.asm:240
__head                          = $0100 ; const, public, def, , ,
__tail                          = $034A ; const, public, def, , ,
__size                          = $024A ; const, public, def, , ,
