Symbol: ADDBX (drivers.s) = CD36
Symbol: ADDDEV (drivers.s) = DE8E
Symbol: CDEBCYLL (drivers.s) = E36D
Symbol: CDEBCYLM (drivers.s) = E36E
Symbol: CDEBSEHD (drivers.s) = E36F
Symbol: CHKNXT (drivers.s) = DE7D
Symbol: CHKRDY (drivers.s) = DFCE
Symbol: CLASS (drivers.s) = CD21
Symbol: CURDRV (drivers.s) = DE1E
Symbol: CURDRVADDRESS (drivers.s) = DE20
Symbol: CURDRVSLICE (drivers.s) = DE21
Symbol: CURDRVTYP (drivers.s) = DE1F
Symbol: DCHECK (drivers.s) = DE0F
Symbol: DDRIVE (drivers.s) = DE0C
Symbol: DEBCYLL (drivers.s) = E370
Symbol: DEBCYLM (drivers.s) = E371
Symbol: DEBSEHD (drivers.s) = E372
Symbol: DELDEV (drivers.s) = DE9A
Symbol: DEVARE (drivers.s) = DE98
Symbol: DINIT (drivers.s) = DE15
Symbol: DOCMD (drivers.s) = CD4B
Symbol: DOS3 (drivers.s) = CD06
Symbol: DQUICK (drivers.s) = DE12
Symbol: DREAD (drivers.s) = DE00
Symbol: DRESTOR (drivers.s) = DE09
Symbol: DRIVE (drivers.s) = DF84
Symbol: DRIVE1 (drivers.s) = DF98
Symbol: DRIVEERR (drivers.s) = DF93
Symbol: DRVADDRESS (drivers.s) = DE27
Symbol: DRVSLICE (drivers.s) = DE2B
Symbol: DRVTYPES (drivers.s) = DE23
Symbol: DSEEK (drivers.s) = DE1B
Symbol: DVERFY (drivers.s) = DE06
Symbol: DWARM (drivers.s) = DE18
Symbol: DWRITE (drivers.s) = DE03
Symbol: ENTRY (drivers.s) = CD03
Symbol: EOT (drivers.s) = 0004
Symbol: FINIT (drivers.s) = CD00
Symbol: FNDENT (drivers.s) = DEB5
Symbol: GETCHR (drivers.s) = CD15
Symbol: GETFIL (drivers.s) = CD2D
Symbol: GETHEX (drivers.s) = CD42
Symbol: HSTBUF (drivers.s) = E373
Symbol: IDE_ABORT (drivers.s) = E014
Symbol: IDE_CONVERT_SECTOR (drivers.s) = E2A5
Symbol: IDE_INITA (drivers.s) = E036
Symbol: IDE_PPIDETECT (drivers.s) = E0D4
Symbol: IDE_PRINT_INFO (drivers.s) = E01D
Symbol: IDE_READ (drivers.s) = E2C9
Symbol: IDE_READ_BUFFER (drivers.s) = E232
Symbol: IDE_READ_INFO (drivers.s) = E085
Symbol: IDE_READ_INFO_ABORT (drivers.s) = E0C2
Symbol: IDE_READ_INFO_OK (drivers.s) = E0CE
Symbol: IDE_READ_NO_SETUP (drivers.s) = E2CC
Symbol: IDE_READ_RAW_SECTOR (drivers.s) = E108
Symbol: IDE_READ_SECTOR (drivers.s) = E0E2
Symbol: IDE_READ_SECTOR_DIRTY (drivers.s) = E126
Symbol: IDE_READ_SECTOR_DIRTY1 (drivers.s) = E12B
Symbol: IDE_READ_SECTOR_DIRTY_ERROR (drivers.s) = E153
Symbol: IDE_READ_SECTOR_ERROR (drivers.s) = E106
Symbol: IDE_SETUP_LBA (drivers.s) = E262
Symbol: IDE_WAIT_DRQ (drivers.s) = E202
Symbol: IDE_WAIT_DRQ1 (drivers.s) = E20C
Symbol: IDE_WAIT_DRQ2 (drivers.s) = E22E
Symbol: IDE_WAIT_DRQ3 (drivers.s) = E230
Symbol: IDE_WAIT_DRQE (drivers.s) = E229
Symbol: IDE_WAIT_NOT_BUSY (drivers.s) = E1D9
Symbol: IDE_WAIT_NOT_BUSY1 (drivers.s) = E1E3
Symbol: IDE_WAIT_NOT_BUSY2 (drivers.s) = E1FD
Symbol: IDE_WAIT_NOT_BUSY3 (drivers.s) = E1FF
Symbol: IDE_WRITE (drivers.s) = E2EE
Symbol: IDE_WRITE_BUFFER (drivers.s) = E24A
Symbol: IDE_WRITE_SECTOR (drivers.s) = E156
Symbol: IDE_WRITE_SECTOR_ERROR (drivers.s) = E1A1
Symbol: IDEBUFRD (drivers.s) = E236
Symbol: IDEBUFWT (drivers.s) = E24E
Symbol: IHDONE (drivers.s) = DE8D
Symbol: IHNDLR (drivers.s) = DE7A
Symbol: INBUF (drivers.s) = CD1B
Symbol: INCHNE (drivers.s) = DE6D
Symbol: INDEC (drivers.s) = CD48
Symbol: INIT (drivers.s) = DF4B
Symbol: IRQLL (drivers.s) = DEB6
Symbol: IRQVEC (drivers.s) = D3FD
Symbol: LD3E1 (drivers.s) = D3E1
Symbol: LOAD (drivers.s) = CD30
Symbol: MESSAGE1 (drivers.s) = E32C
Symbol: MESSAGE2 (drivers.s) = E334
Symbol: MESSAGE3 (drivers.s) = E33B
Symbol: MESSAGE4 (drivers.s) = E348
Symbol: MESSAGE5 (drivers.s) = E359
Symbol: MESSAGE6 (drivers.s) = E36A
Symbol: MONITR (drivers.s) = DE33
Symbol: NODEV (drivers.s) = DEA4
Symbol: NUL (drivers.s) = 0000
Symbol: NXTCH (drivers.s) = CD27
Symbol: OUTADR (drivers.s) = CD45
Symbol: OUTDEC (drivers.s) = CD39
Symbol: OUTHEX (drivers.s) = CD3C
Symbol: PCRLF (drivers.s) = CD24
Symbol: PDATA1 (drivers.s) = CE7B
Symbol: PPIDE_A0_LINE (drivers.s) = 0001
Symbol: PPIDE_A1_LINE (drivers.s) = 0002
Symbol: PPIDE_A2_LINE (drivers.s) = 0004
Symbol: PPIDE_ASTATUS (drivers.s) = 0017
Symbol: PPIDE_CMD_ID (drivers.s) = 00EC
Symbol: PPIDE_CMD_INIT (drivers.s) = 0091
Symbol: PPIDE_CMD_READ (drivers.s) = 0020
Symbol: PPIDE_CMD_RECAL (drivers.s) = 0010
Symbol: PPIDE_CMD_SPINDOWN (drivers.s) = 00E0
Symbol: PPIDE_CMD_SPINUP (drivers.s) = 00E1
Symbol: PPIDE_CMD_WRITE (drivers.s) = 0030
Symbol: PPIDE_COMMAND (drivers.s) = 000F
Symbol: PPIDE_CONTROL (drivers.s) = 0016
Symbol: PPIDE_CS0_LINE (drivers.s) = 0008
Symbol: PPIDE_CS1_LINE (drivers.s) = 0010
Symbol: PPIDE_DATA (drivers.s) = 0008
Symbol: PPIDE_DEVICE (drivers.s) = 000E
Symbol: PPIDE_ERR (drivers.s) = 0009
Symbol: PPIDE_INIT (drivers.s) = DFE9
Symbol: PPIDE_LBAHI (drivers.s) = 000D
Symbol: PPIDE_LBALOW (drivers.s) = 000B
Symbol: PPIDE_LBAMID (drivers.s) = 000C
Symbol: PPIDE_PPI (drivers.s) = FE60
Symbol: PPIDE_PROBE (drivers.s) = E03A
Symbol: PPIDE_PROBE_FAIL (drivers.s) = E082
Symbol: PPIDE_PROBE_SUCCESS (drivers.s) = E084
Symbol: PPIDE_RD_LINE (drivers.s) = 0040
Symbol: PPIDE_RESET (drivers.s) = E1AE
Symbol: PPIDE_RST_LINE (drivers.s) = 0080
Symbol: PPIDE_SEC_CNT (drivers.s) = 000A
Symbol: PPIDE_STATUS (drivers.s) = 000F
Symbol: PPIDE_WR_LINE (drivers.s) = 0020
Symbol: PPIDECNTRL (drivers.s) = FE62
Symbol: PPIDEHI (drivers.s) = FE61
Symbol: PPIDEINDEX (drivers.s) = DFE4
Symbol: PPIDELO (drivers.s) = FE60
Symbol: PPIDEPPIC (drivers.s) = FE63
Symbol: PPIDETIMEOUT (drivers.s) = DFE5
Symbol: PPIDEWORKVAR (drivers.s) = DFE7
Symbol: PPRD_IDE_8255 (drivers.s) = 0092
Symbol: PPWR_IDE_8255 (drivers.s) = 0080
Symbol: PSTRNG (drivers.s) = CD1E
Symbol: PUTCHR (drivers.s) = CD18
Symbol: QUICK (drivers.s) = DFD9
Symbol: READ (drivers.s) = DEBB
Symbol: READERR (drivers.s) = DED1
Symbol: READFLOPPY (drivers.s) = DED6
Symbol: READIDE (drivers.s) = DEE1
Symbol: RESTIO (drivers.s) = CD2A
Symbol: RESTORE (drivers.s) = DF65
Symbol: RESTOREERR (drivers.s) = DF7B
Symbol: RESTOREFLOPPY (drivers.s) = DF7F
Symbol: RESTOREIDE (drivers.s) = DF81
Symbol: RPTERR (drivers.s) = CD3F
Symbol: RST_DLY (drivers.s) = E1CC
Symbol: SEEK (drivers.s) = DF2E
Symbol: SEEKERR (drivers.s) = DF42
Symbol: SEEKFLOPPY (drivers.s) = DF46
Symbol: SEEKIDE (drivers.s) = DF48
Symbol: SET_PPI_RD (drivers.s) = E310
Symbol: SET_PPI_WR (drivers.s) = E31E
Symbol: SETEXT (drivers.s) = CD33
Symbol: SRCHLP (drivers.s) = DEA9
Symbol: SRCHLST (drivers.s) = DEA6
Symbol: STAT (drivers.s) = DE5D
Symbol: SWIVEC (drivers.s) = D3FD
Symbol: TAPPTR (drivers.s) = DEB9
Symbol: TINIT (drivers.s) = DE3F
Symbol: TMINT (drivers.s) = DE3E
Symbol: TMOFF (drivers.s) = DE3E
Symbol: TMON (drivers.s) = DE3E
Symbol: TREDIR (drivers.s) = DE68
Symbol: UART0 (drivers.s) = FE68
Symbol: UART1 (drivers.s) = FE69
Symbol: UART2 (drivers.s) = FE6A
Symbol: UART3 (drivers.s) = FE6B
Symbol: UART4 (drivers.s) = FE6C
Symbol: UART5 (drivers.s) = FE6D
Symbol: UART6 (drivers.s) = FE6E
Symbol: UART7 (drivers.s) = FE6F
Symbol: USEDSKYNG (drivers.s) = 0000
Symbol: VERIFY (drivers.s) = DF11
Symbol: VERIFYERR (drivers.s) = DF25
Symbol: VERIFYFLOPPY (drivers.s) = DF29
Symbol: VERIFYIDE (drivers.s) = DF2B
Symbol: VINCH (drivers.s) = DE43
Symbol: VOUTCH (drivers.s) = DE4C
Symbol: WARM (drivers.s) = DF58
Symbol: WRITE (drivers.s) = DEEF
Symbol: WRITEERR (drivers.s) = DF05
Symbol: WRITEFLOPPY (drivers.s) = DF0A
Symbol: WRITEIDE (drivers.s) = DF0C
