Symbol: ADDDEV (drivers.s) = DE8E
Symbol: CDEBCYLL (drivers.s) = E345
Symbol: CDEBCYLM (drivers.s) = E346
Symbol: CDEBSEHD (drivers.s) = E347
Symbol: CHKNXT (drivers.s) = DE7D
Symbol: CHKRDY (drivers.s) = DF77
Symbol: CHKRDYERR (drivers.s) = DF81
Symbol: CHKRDYFLOPPY (drivers.s) = DF85
Symbol: CHKRDYIDE (drivers.s) = DF87
Symbol: CURDRV (drivers.s) = DE1E
Symbol: CURDRVADDRESS (drivers.s) = DE20
Symbol: CURDRVSLICE (drivers.s) = DE21
Symbol: CURDRVTYP (drivers.s) = DE1F
Symbol: DCHECK (drivers.s) = DE0F
Symbol: DDRIVE (drivers.s) = DE0C
Symbol: DEBCYLL (drivers.s) = E348
Symbol: DEBCYLM (drivers.s) = E349
Symbol: DEBSEHD (drivers.s) = E34A
Symbol: DELDEV (drivers.s) = DE9A
Symbol: DEVARE (drivers.s) = DE98
Symbol: DINIT (drivers.s) = DE15
Symbol: DQUICK (drivers.s) = DE12
Symbol: DREAD (drivers.s) = DE00
Symbol: DRESTOR (drivers.s) = DE09
Symbol: DRIVE (drivers.s) = DF33
Symbol: DRIVE1 (drivers.s) = DF40
Symbol: DRIVEERR (drivers.s) = DF3B
Symbol: DRVADDRESS (drivers.s) = DE27
Symbol: DRVSLICE (drivers.s) = DE2B
Symbol: DRVTYPES (drivers.s) = DE23
Symbol: DSEEK (drivers.s) = DE1B
Symbol: DVERFY (drivers.s) = DE06
Symbol: DWARM (drivers.s) = DE18
Symbol: DWRITE (drivers.s) = DE03
Symbol: FNDENT (drivers.s) = DEB5
Symbol: HSTBUF (drivers.s) = E34B
Symbol: IDE_ABORT (drivers.s) = DFD5
Symbol: IDE_CONVERT_SECTOR (drivers.s) = E284
Symbol: IDE_INITA (drivers.s) = DFF7
Symbol: IDE_PPIDETECT (drivers.s) = E0AC
Symbol: IDE_PRINT_INFO (drivers.s) = DFDE
Symbol: IDE_READ (drivers.s) = E2A8
Symbol: IDE_READ_BUFFER (drivers.s) = E20A
Symbol: IDE_READ_INFO (drivers.s) = E046
Symbol: IDE_READ_INFO_ABORT (drivers.s) = E094
Symbol: IDE_READ_INFO_OK (drivers.s) = E0A4
Symbol: IDE_READ_RAW_SECTOR (drivers.s) = E0E0
Symbol: IDE_READ_SECTOR (drivers.s) = E0BA
Symbol: IDE_READ_SECTOR_DIRTY (drivers.s) = E0FE
Symbol: IDE_READ_SECTOR_DIRTY1 (drivers.s) = E103
Symbol: IDE_READ_SECTOR_DIRTY_ERROR (drivers.s) = E12B
Symbol: IDE_READ_SECTOR_ERROR (drivers.s) = E0DE
Symbol: IDE_SETUP_LBA (drivers.s) = E248
Symbol: IDE_WAIT_DRQ (drivers.s) = E1DA
Symbol: IDE_WAIT_DRQ1 (drivers.s) = E1E4
Symbol: IDE_WAIT_DRQ2 (drivers.s) = E206
Symbol: IDE_WAIT_DRQ3 (drivers.s) = E208
Symbol: IDE_WAIT_DRQE (drivers.s) = E201
Symbol: IDE_WAIT_NOT_BUSY (drivers.s) = E1B1
Symbol: IDE_WAIT_NOT_BUSY1 (drivers.s) = E1BB
Symbol: IDE_WAIT_NOT_BUSY2 (drivers.s) = E1D5
Symbol: IDE_WAIT_NOT_BUSY3 (drivers.s) = E1D7
Symbol: IDE_WRITE (drivers.s) = E2CA
Symbol: IDE_WRITE_BUFFER (drivers.s) = E229
Symbol: IDE_WRITE_SECTOR (drivers.s) = E12E
Symbol: IDE_WRITE_SECTOR_ERROR (drivers.s) = E179
Symbol: IDEBUFRD (drivers.s) = E20E
Symbol: IDEBUFWT (drivers.s) = E22D
Symbol: IHDONE (drivers.s) = DE8D
Symbol: IHNDLR (drivers.s) = DE7A
Symbol: INCHNE (drivers.s) = DE6D
Symbol: INIT (drivers.s) = DF15
Symbol: IRQLL (drivers.s) = DEB6
Symbol: IRQVEC (drivers.s) = D3FD
Symbol: LD3E1 (drivers.s) = D3E1
Symbol: MESSAGE1 (drivers.s) = E2FE
Symbol: MESSAGE2 (drivers.s) = E307
Symbol: MESSAGE3 (drivers.s) = E30F
Symbol: MESSAGE4 (drivers.s) = E31D
Symbol: MESSAGE5 (drivers.s) = E32F
Symbol: MESSAGE6 (drivers.s) = E341
Symbol: MONITR (drivers.s) = DE33
Symbol: NODEV (drivers.s) = DEA4
Symbol: PPIDE_A0_LINE (drivers.s) = 0001
Symbol: PPIDE_A1_LINE (drivers.s) = 0002
Symbol: PPIDE_A2_LINE (drivers.s) = 0004
Symbol: PPIDE_ASTATUS (drivers.s) = 0010
Symbol: PPIDE_CMD_ID (drivers.s) = 00EC
Symbol: PPIDE_CMD_INIT (drivers.s) = 0091
Symbol: PPIDE_CMD_READ (drivers.s) = 0020
Symbol: PPIDE_CMD_RECAL (drivers.s) = 0010
Symbol: PPIDE_CMD_SPINDOWN (drivers.s) = 00E0
Symbol: PPIDE_CMD_SPINUP (drivers.s) = 00E1
Symbol: PPIDE_CMD_WRITE (drivers.s) = 0030
Symbol: PPIDE_COMMAND (drivers.s) = 0008
Symbol: PPIDE_CONTROL (drivers.s) = 0010
Symbol: PPIDE_CS0_LINE (drivers.s) = 0008
Symbol: PPIDE_CS1_LINE (drivers.s) = 0010
Symbol: PPIDE_DATA (drivers.s) = 0008
Symbol: PPIDE_DEVICE (drivers.s) = 0008
Symbol: PPIDE_ERR (drivers.s) = 0008
Symbol: PPIDE_INIT (drivers.s) = DFAB
Symbol: PPIDE_LBAHI (drivers.s) = 0008
Symbol: PPIDE_LBALOW (drivers.s) = 0008
Symbol: PPIDE_LBAMID (drivers.s) = 0008
Symbol: PPIDE_PPI (drivers.s) = FE60
Symbol: PPIDE_PROBE (drivers.s) = DFFB
Symbol: PPIDE_PROBE_FAIL (drivers.s) = E043
Symbol: PPIDE_PROBE_SUCCESS (drivers.s) = E045
Symbol: PPIDE_RD_LINE (drivers.s) = 0040
Symbol: PPIDE_RESET (drivers.s) = E186
Symbol: PPIDE_RST_LINE (drivers.s) = 0080
Symbol: PPIDE_SEC_CNT (drivers.s) = 0008
Symbol: PPIDE_STATUS (drivers.s) = 0008
Symbol: PPIDE_WR_LINE (drivers.s) = 0020
Symbol: PPIDECNTRL (drivers.s) = FE62
Symbol: PPIDEHI (drivers.s) = FE61
Symbol: PPIDEINDEX (drivers.s) = DFA8
Symbol: PPIDELO (drivers.s) = FE60
Symbol: PPIDEPPIC (drivers.s) = FE63
Symbol: PPIDETIMEOUT (drivers.s) = DFA9
Symbol: PPRD_IDE_8255 (drivers.s) = 0092
Symbol: PPWR_IDE_8255 (drivers.s) = 0080
Symbol: PRCRLF (drivers.s) = CD24
Symbol: PRTHEXBYTE (drivers.s) = DF9D
Symbol: PSTRNG (drivers.s) = CD1E
Symbol: QUICK (drivers.s) = DF8A
Symbol: QUICKERR (drivers.s) = DF94
Symbol: QUICKFLOPPY (drivers.s) = DF98
Symbol: QUICKIDE (drivers.s) = DF9A
Symbol: READ (drivers.s) = DEBB
Symbol: READERR (drivers.s) = DEC8
Symbol: READFLOPPY (drivers.s) = DECD
Symbol: READIDE (drivers.s) = DECF
Symbol: RESTORE (drivers.s) = DF1D
Symbol: RESTOREERR (drivers.s) = DF2A
Symbol: RESTOREFLOPPY (drivers.s) = DF2E
Symbol: RESTOREIDE (drivers.s) = DF30
Symbol: RST_DLY (drivers.s) = E1A4
Symbol: SEEK (drivers.s) = DF01
Symbol: SEEKERR (drivers.s) = DF0C
Symbol: SEEKFLOPPY (drivers.s) = DF10
Symbol: SEEKIDE (drivers.s) = DF12
Symbol: SET_PPI_RD (drivers.s) = E2EC
Symbol: SET_PPI_WR (drivers.s) = E2F5
Symbol: SRCHLP (drivers.s) = DEA9
Symbol: SRCHLST (drivers.s) = DEA6
Symbol: STAT (drivers.s) = DE5D
Symbol: SWIVEC (drivers.s) = D3FD
Symbol: TAPPTR (drivers.s) = DEB9
Symbol: TINIT (drivers.s) = DE3F
Symbol: TMINT (drivers.s) = DE3E
Symbol: TMOFF (drivers.s) = DE3E
Symbol: TMON (drivers.s) = DE3E
Symbol: TREDIR (drivers.s) = DE68
Symbol: UART0 (drivers.s) = FE68
Symbol: UART1 (drivers.s) = FE69
Symbol: UART2 (drivers.s) = FE6A
Symbol: UART3 (drivers.s) = FE6B
Symbol: UART4 (drivers.s) = FE6C
Symbol: UART5 (drivers.s) = FE6D
Symbol: UART6 (drivers.s) = FE6E
Symbol: UART7 (drivers.s) = FE6F
Symbol: VERIFY (drivers.s) = DEED
Symbol: VERIFYERR (drivers.s) = DEF8
Symbol: VERIFYFLOPPY (drivers.s) = DEFC
Symbol: VERIFYIDE (drivers.s) = DEFE
Symbol: VINCH (drivers.s) = DE43
Symbol: VOUTCH (drivers.s) = DE4C
Symbol: WARM (drivers.s) = DF19
Symbol: WRITE (drivers.s) = DED4
Symbol: WRITEERR (drivers.s) = DEE1
Symbol: WRITEFLOPPY (drivers.s) = DEE6
Symbol: WRITEIDE (drivers.s) = DEE8
