Symbol: ADER (flx29fms.s) = 0011
Symbol: ASNN65 (flx29fms.s) = D7D0
Symbol: ASNN85 (flx29fms.s) = D803
Symbol: ASNNX1 (flx29fms.s) = D7A7
Symbol: ASNNX2 (flx29fms.s) = D7AA
Symbol: ASNNX4 (flx29fms.s) = D7B8
Symbol: ASNNX6 (flx29fms.s) = D7C0
Symbol: ASNNX7 (flx29fms.s) = D7EF
Symbol: ASNNX8 (flx29fms.s) = D7F7
Symbol: ASNNX9 (flx29fms.s) = D804
Symbol: ASNNXT (flx29fms.s) = D7A1
Symbol: AVLPNT (flx29fms.s) = D41B
Symbol: BKLN (flx29fms.s) = D418
Symbol: BKREC (flx29fms.s) = DCFD
Symbol: BKREC2 (flx29fms.s) = DD10
Symbol: CHECK (flx29fms.s) = DE0F
Symbol: CHKWT (flx29fms.s) = DAB1
Symbol: CHKWT2 (flx29fms.s) = DABE
Symbol: CHKWT4 (flx29fms.s) = DAC5
Symbol: CLD (flx29fms.s) = D413
Symbol: CLER (flx29fms.s) = 0016
Symbol: CLOS32 (flx29fms.s) = DB05
Symbol: CLOS35 (flx29fms.s) = DB0D
Symbol: CLOSE (flx29fms.s) = DADA
Symbol: CLOSE1 (flx29fms.s) = DAE2
Symbol: CLOSE2 (flx29fms.s) = DAEA
Symbol: CLOSE3 (flx29fms.s) = DAF4
Symbol: CLOSE4 (flx29fms.s) = DB0F
Symbol: CLRFC2 (flx29fms.s) = D544
Symbol: CLRFCB (flx29fms.s) = D53B
Symbol: CLRLRN (flx29fms.s) = D746
Symbol: CLRTRY (flx29fms.s) = D670
Symbol: CMND (flx29fms.s) = D47F
Symbol: CMND1 (flx29fms.s) = D487
Symbol: CMND15 (flx29fms.s) = D49D
Symbol: CMND2 (flx29fms.s) = D4AB
Symbol: CMND3 (flx29fms.s) = D4B0
Symbol: CMND4 (flx29fms.s) = D4B4
Symbol: CMND5 (flx29fms.s) = D4BC
Symbol: CMND7 (flx29fms.s) = D4C8
Symbol: CMND8 (flx29fms.s) = D4CA
Symbol: CMPNA1 (flx29fms.s) = D562
Symbol: CMPNA4 (flx29fms.s) = D576
Symbol: CMPNAM (flx29fms.s) = D55D
Symbol: CODTBL (flx29fms.s) = D4D2
Symbol: COPNA2 (flx29fms.s) = D552
Symbol: COPNAM (flx29fms.s) = D54D
Symbol: CUD (flx29fms.s) = D415
Symbol: DAER (flx29fms.s) = 000E
Symbol: DATAPT (flx29fms.s) = D40F
Symbol: DATE (flx29fms.s) = CC0E
Symbol: DELC (flx29fms.s) = 0018
Symbol: DELET2 (flx29fms.s) = DC1C
Symbol: DELET4 (flx29fms.s) = DC30
Symbol: DELET5 (flx29fms.s) = DC48
Symbol: DELET6 (flx29fms.s) = DC50
Symbol: DELET7 (flx29fms.s) = DC51
Symbol: DELET8 (flx29fms.s) = DC55
Symbol: DELET9 (flx29fms.s) = DC57
Symbol: DELETE (flx29fms.s) = DBED
Symbol: DELNA2 (flx29fms.s) = DBC5
Symbol: DELNAM (flx29fms.s) = DBBE
Symbol: DFER (flx29fms.s) = 0007
Symbol: DINIT (flx29fms.s) = DE15
Symbol: DIRDN (flx29fms.s) = D417
Symbol: DNER (flx29fms.s) = 000F
Symbol: DOSTA4 (flx29fms.s) = DAD9
Symbol: DOSTAT (flx29fms.s) = DAC8
Symbol: DPER (flx29fms.s) = 000C
Symbol: DREAD (flx29fms.s) = DE00
Symbol: DRER (flx29fms.s) = 0005
Symbol: DRIVE (flx29fms.s) = DE0C
Symbol: DRVINFO (flx29fms.s) = D436
Symbol: DSEC (flx29fms.s) = 0005
Symbol: DSEEK (flx29fms.s) = DE1B
Symbol: DTRK (flx29fms.s) = 0000
Symbol: DWARM (flx29fms.s) = DE18
Symbol: DWRITE (flx29fms.s) = DE03
Symbol: EFER (flx29fms.s) = 0008
Symbol: ETRIES (flx29fms.s) = D411
Symbol: EXCLS (flx29fms.s) = D45D
Symbol: EXCLS1 (flx29fms.s) = D460
Symbol: FAS (flx29fms.s) = 0002
Symbol: FBER (flx29fms.s) = 0002
Symbol: FCBBAS (flx29fms.s) = D409
Symbol: FCBSTR (flx29fms.s) = D40B
Symbol: FCD (flx29fms.s) = 002F
Symbol: FCS (flx29fms.s) = 001E
Symbol: FDI (flx29fms.s) = 0022
Symbol: FDN (flx29fms.s) = 0003
Symbol: FDT (flx29fms.s) = 0019
Symbol: FEA (flx29fms.s) = 0013
Symbol: FEER (flx29fms.s) = 0003
Symbol: FES (flx29fms.s) = 0001
Symbol: FFC (flx29fms.s) = 0000
Symbol: FFD (flx29fms.s) = 0032
Symbol: FFN (flx29fms.s) = 0004
Symbol: FID (flx29fms.s) = 000F
Symbol: FIER (flx29fms.s) = 0014
Symbol: FLP (flx29fms.s) = 001C
Symbol: FLR (flx29fms.s) = 0035
Symbol: FMP (flx29fms.s) = 0017
Symbol: FMS (flx29fms.s) = D406
Symbol: FMSCLS (flx29fms.s) = D403
Symbol: FMSINT (flx29fms.s) = D400
Symbol: FMX (flx29fms.s) = 003C
Symbol: FNDFC3 (flx29fms.s) = D529
Symbol: FNDFC4 (flx29fms.s) = D531
Symbol: FNDFC6 (flx29fms.s) = D537
Symbol: FNDFCB (flx29fms.s) = D520
Symbol: FNDN04 (flx29fms.s) = D8B3
Symbol: FNDN06 (flx29fms.s) = D8C4
Symbol: FNDN08 (flx29fms.s) = D8CE
Symbol: FNDNA1 (flx29fms.s) = D8DC
Symbol: FNDNA2 (flx29fms.s) = D8E8
Symbol: FNDNA3 (flx29fms.s) = D8F3
Symbol: FNDNA4 (flx29fms.s) = D8F4
Symbol: FNDNA6 (flx29fms.s) = D8FF
Symbol: FNDNA8 (flx29fms.s) = D907
Symbol: FNDNA9 (flx29fms.s) = D909
Symbol: FNDNAM (flx29fms.s) = D89B
Symbol: FNE (flx29fms.s) = 000C
Symbol: FNK (flx29fms.s) = 0038
Symbol: FNU (flx29fms.s) = 0010
Symbol: FRI (flx29fms.s) = 0023
Symbol: FRN (flx29fms.s) = 0020
Symbol: FSA (flx29fms.s) = 0011
Symbol: FSB (flx29fms.s) = 0040
Symbol: FSC (flx29fms.s) = 003B
Symbol: FSECMP (flx29fms.s) = D78F
Symbol: FSER (flx29fms.s) = 0017
Symbol: FSP (flx29fms.s) = 003C
Symbol: FSZ (flx29fms.s) = 0015
Symbol: FWB (flx29fms.s) = 0024
Symbol: GETAV2 (flx29fms.s) = D932
Symbol: GETAV3 (flx29fms.s) = D93C
Symbol: GETAV4 (flx29fms.s) = D93E
Symbol: GETAVL (flx29fms.s) = D920
Symbol: GETCUR (flx29fms.s) = D666
Symbol: GETDI2 (flx29fms.s) = D94F
Symbol: GETDIS (flx29fms.s) = D93F
Symbol: GETFS2 (flx29fms.s) = D78E
Symbol: GETFSM (flx29fms.s) = DDB7
Symbol: GETFST (flx29fms.s) = D78A
Symbol: GETIR (flx29fms.s) = D840
Symbol: GETIR1 (flx29fms.s) = D85B
Symbol: GETIR2 (flx29fms.s) = D866
Symbol: GETIR4 (flx29fms.s) = D86E
Symbol: GETIR8 (flx29fms.s) = D87E
Symbol: GETRAN (flx29fms.s) = D577
Symbol: GETS1 (flx29fms.s) = DDC2
Symbol: GETS2 (flx29fms.s) = DDC4
Symbol: ICER (flx29fms.s) = 0001
Symbol: IFER (flx29fms.s) = 000D
Symbol: INER (flx29fms.s) = 0015
Symbol: INIT (flx29fms.s) = D43A
Symbol: INIT2 (flx29fms.s) = D450
Symbol: INIT4 (flx29fms.s) = D455
Symbol: IRER (flx29fms.s) = 0013
Symbol: IRFAS (flx29fms.s) = 0004
Symbol: IRL (flx29fms.s) = 0018
Symbol: IRS (flx29fms.s) = 0010
Symbol: ISEC (flx29fms.s) = 0003
Symbol: LD9D6 (flx29fms.s) = D9D6
Symbol: LOCK (flx29fms.s) = C709
Symbol: LSTFC (flx29fms.s) = 0016
Symbol: LSTSEC (flx29fms.s) = 000F
Symbol: LSTTRK (flx29fms.s) = 004C
Symbol: MAIND (flx29fms.s) = 0005
Symbol: MAXSP (flx29fms.s) = 007F
Symbol: NEXTS (flx29fms.s) = DA9E
Symbol: NEXTS4 (flx29fms.s) = DAB0
Symbol: NFER (flx29fms.s) = 0004
Symbol: NL (flx29fms.s) = 000B
Symbol: NODR (flx29fms.s) = 0004
Symbol: NOER (flx29fms.s) = 0000
Symbol: NRER (flx29fms.s) = 0010
Symbol: NXTRD2 (flx29fms.s) = DDE8
Symbol: NXTRD4 (flx29fms.s) = DDEB
Symbol: NXTRD6 (flx29fms.s) = DDEE
Symbol: NXTRDY (flx29fms.s) = DDD5
Symbol: OPNCLD (flx29fms.s) = D825
Symbol: OPNCUD (flx29fms.s) = D81F
Symbol: OPNDIR (flx29fms.s) = D825
Symbol: OPNERR (flx29fms.s) = D9D8
Symbol: OPNIR (flx29fms.s) = D82D
Symbol: OPNR12 (flx29fms.s) = D9BC
Symbol: OPNR15 (flx29fms.s) = D9CF
Symbol: OPNRD (flx29fms.s) = D98F
Symbol: OPNRD1 (flx29fms.s) = D9A9
Symbol: OPNRD2 (flx29fms.s) = D9D1
Symbol: OPNRD3 (flx29fms.s) = D9D2
Symbol: OPNRW (flx29fms.s) = DB10
Symbol: OPNSIR (flx29fms.s) = D818
Symbol: OPNW85 (flx29fms.s) = DA74
Symbol: OPNWT (flx29fms.s) = D9E2
Symbol: OPNWT3 (flx29fms.s) = D9F1
Symbol: OPNWT4 (flx29fms.s) = DA09
Symbol: OPNWT5 (flx29fms.s) = DA13
Symbol: OPNWT8 (flx29fms.s) = DA56
Symbol: OPNWT9 (flx29fms.s) = DA77
Symbol: POSI05 (flx29fms.s) = DD26
Symbol: POSI65 (flx29fms.s) = DD92
Symbol: POSI68 (flx29fms.s) = DD97
Symbol: POSI75 (flx29fms.s) = DDAE
Symbol: POSI82 (flx29fms.s) = DDB4
Symbol: POSI85 (flx29fms.s) = DDB6
Symbol: POSIT (flx29fms.s) = DD13
Symbol: POSIT0 (flx29fms.s) = DD22
Symbol: POSIT1 (flx29fms.s) = DD27
Symbol: POSIT2 (flx29fms.s) = DD33
Symbol: POSIT3 (flx29fms.s) = DD3A
Symbol: POSIT4 (flx29fms.s) = DD4E
Symbol: POSIT5 (flx29fms.s) = DD68
Symbol: POSIT6 (flx29fms.s) = DD7A
Symbol: POSIT7 (flx29fms.s) = DD9D
Symbol: POSIT8 (flx29fms.s) = DDB2
Symbol: PR1 (flx29fms.s) = CCFC
Symbol: PUTAV2 (flx29fms.s) = D960
Symbol: PUTAVL (flx29fms.s) = D950
Symbol: PUTIR (flx29fms.s) = D87F
Symbol: PUTIR2 (flx29fms.s) = D88A
Symbol: PUTNXT (flx29fms.s) = D585
Symbol: PUTRA2 (flx29fms.s) = D5B4
Symbol: PUTRA4 (flx29fms.s) = D5B7
Symbol: PUTRAN (flx29fms.s) = D598
Symbol: PUTSP2 (flx29fms.s) = D704
Symbol: PUTSP4 (flx29fms.s) = D714
Symbol: PUTSP6 (flx29fms.s) = D71B
Symbol: PUTSPC (flx29fms.s) = D6FA
Symbol: QUKCHK (flx29fms.s) = DE12
Symbol: RDER (flx29fms.s) = 0009
Symbol: RDNEX1 (flx29fms.s) = D622
Symbol: RDNEX2 (flx29fms.s) = D628
Symbol: RDNEX3 (flx29fms.s) = D640
Symbol: RDNEX4 (flx29fms.s) = D644
Symbol: RDNEX6 (flx29fms.s) = D646
Symbol: RDNEX8 (flx29fms.s) = D648
Symbol: RDNEXT (flx29fms.s) = D614
Symbol: RDSEQ (flx29fms.s) = D5FD
Symbol: RDSEQ0 (flx29fms.s) = D608
Symbol: RDSEQ1 (flx29fms.s) = D60F
Symbol: READS2 (flx29fms.s) = D653
Symbol: READS4 (flx29fms.s) = D65D
Symbol: READS6 (flx29fms.s) = D665
Symbol: READSS (flx29fms.s) = D649
Symbol: REMFC2 (flx29fms.s) = D519
Symbol: REMFCB (flx29fms.s) = D510
Symbol: RENAM1 (flx29fms.s) = DB51
Symbol: RENAM4 (flx29fms.s) = DB70
Symbol: RENAM5 (flx29fms.s) = DB74
Symbol: RENAM6 (flx29fms.s) = DB75
Symbol: RENAME (flx29fms.s) = DB43
Symbol: RESTOR (flx29fms.s) = DE09
Symbol: RETRY (flx29fms.s) = D678
Symbol: RETRY2 (flx29fms.s) = D68D
Symbol: RETRY4 (flx29fms.s) = D6A1
Symbol: RETRY6 (flx29fms.s) = D6A4
Symbol: REWIN2 (flx29fms.s) = D5F8
Symbol: REWIND (flx29fms.s) = D5EA
Symbol: RMER (flx29fms.s) = 0019
Symbol: RNFMSK (flx29fms.s) = 0010
Symbol: RRER (flx29fms.s) = 0018
Symbol: RS (flx29fms.s) = 0004
Symbol: RSC (flx29fms.s) = 0007
Symbol: RSTNA2 (flx29fms.s) = DDCA
Symbol: RSTNAM (flx29fms.s) = DDC5
Symbol: RTC (flx29fms.s) = 0005
Symbol: SBC (flx29fms.s) = 0037
Symbol: SCC (flx29fms.s) = 0009
Symbol: SCMSK (flx29fms.s) = 007F
Symbol: SECMAP (flx29fms.s) = D41D
Symbol: SETFC2 (flx29fms.s) = D507
Symbol: SETFCB (flx29fms.s) = D4FE
Symbol: SETFD (flx29fms.s) = D90E
Symbol: SETFD2 (flx29fms.s) = D91F
Symbol: SETMA2 (flx29fms.s) = DCEF
Symbol: SETMAX (flx29fms.s) = DCD8
Symbol: SETST (flx29fms.s) = DA8D
Symbol: SINDIR (flx29fms.s) = D41A
Symbol: SL (flx29fms.s) = 0100
Symbol: SPC (flx29fms.s) = 0020
Symbol: SRDSE2 (flx29fms.s) = D5CA
Symbol: SRDSE6 (flx29fms.s) = D5E4
Symbol: SRDSE7 (flx29fms.s) = D5E7
Symbol: SRDSE8 (flx29fms.s) = D5E9
Symbol: SRDSEQ (flx29fms.s) = D5BC
Symbol: STER (flx29fms.s) = 0012
Symbol: STRIES (flx29fms.s) = D412
Symbol: SWAP (flx29fms.s) = DB7A
Symbol: SWAP2 (flx29fms.s) = DB82
Symbol: SWAP4 (flx29fms.s) = DB9C
Symbol: SWAP6 (flx29fms.s) = DBA6
Symbol: SWPNM (flx29fms.s) = DBAA
Symbol: SWPNM2 (flx29fms.s) = DBAC
Symbol: SWPNM4 (flx29fms.s) = DBB8
Symbol: SWPNM5 (flx29fms.s) = DBB9
Symbol: SWTSE2 (flx29fms.s) = D6ED
Symbol: SWTSE4 (flx29fms.s) = D6F2
Symbol: SWTSE6 (flx29fms.s) = D6F7
Symbol: SWTSEQ (flx29fms.s) = D6D7
Symbol: TEMP (flx29fms.s) = D40D
Symbol: TMER (flx29fms.s) = 0006
Symbol: TRMSK (flx29fms.s) = 007F
Symbol: UNLOCK (flx29fms.s) = C70C
Symbol: UPDF75 (flx29fms.s) = DC99
Symbol: UPDFS2 (flx29fms.s) = DC66
Symbol: UPDFS4 (flx29fms.s) = DC7A
Symbol: UPDFS6 (flx29fms.s) = DC91
Symbol: UPDFS7 (flx29fms.s) = DC96
Symbol: UPDFS8 (flx29fms.s) = DC9E
Symbol: UPDFS9 (flx29fms.s) = DCAE
Symbol: UPDFSM (flx29fms.s) = DC5A
Symbol: VERIFY (flx29fms.s) = DE06
Symbol: VRFYFG (flx29fms.s) = D435
Symbol: WPER (flx29fms.s) = 000B
Symbol: WRITIT (flx29fms.s) = DBD0
Symbol: WRITS2 (flx29fms.s) = D6B1
Symbol: WRITS4 (flx29fms.s) = D6C5
Symbol: WRITS6 (flx29fms.s) = D6D1
Symbol: WRITS7 (flx29fms.s) = D6D2
Symbol: WRITS8 (flx29fms.s) = D6D4
Symbol: WRITSS (flx29fms.s) = D6A7
Symbol: WRTDI2 (flx29fms.s) = D98C
Symbol: WRTDI4 (flx29fms.s) = D98E
Symbol: WRTDIR (flx29fms.s) = D972
Symbol: WRTER1 (flx29fms.s) = DBE4
Symbol: WRTER2 (flx29fms.s) = DBE8
Symbol: WRTER3 (flx29fms.s) = DBEA
Symbol: WRTER4 (flx29fms.s) = DBEC
Symbol: WRTERR (flx29fms.s) = DBD8
Symbol: WTAPP (flx29fms.s) = DB1E
Symbol: WTAPP2 (flx29fms.s) = DB36
Symbol: WTAPP4 (flx29fms.s) = DB3D
Symbol: WTAPP6 (flx29fms.s) = DB3E
Symbol: WTER (flx29fms.s) = 000A
Symbol: WTFSM (flx29fms.s) = DCAF
Symbol: WTFSM2 (flx29fms.s) = DCC3
Symbol: WTNEX1 (flx29fms.s) = D77A
Symbol: WTNEXT (flx29fms.s) = D753
Symbol: WTSEQ (flx29fms.s) = D71C
Symbol: WTSEQ2 (flx29fms.s) = D736
Symbol: WTSEQ4 (flx29fms.s) = D745
